io_systemClk sampled by 
io_asyncReset sampled by 
io_systemReset clocked by io_systemClk
system_uart_0_io_txd clocked by io_systemClk
system_uart_0_io_rxd sampled by 
system_spi_0_io_sclk_write clocked by io_systemClk
system_spi_0_io_data_0_writeEnable clocked by io_systemClk
system_spi_0_io_data_0_read sampled by io_systemClk
system_spi_0_io_data_0_write clocked by io_systemClk
system_spi_0_io_data_1_writeEnable clocked by io_systemClk
system_spi_0_io_data_1_read sampled by io_systemClk
system_spi_0_io_data_1_write clocked by io_systemClk
system_spi_0_io_data_2_writeEnable clocked by io_systemClk
system_spi_0_io_data_2_read sampled by io_systemClk
system_spi_0_io_data_2_write clocked by io_systemClk
system_spi_0_io_data_3_writeEnable clocked by io_systemClk
system_spi_0_io_data_3_read sampled by io_systemClk
system_spi_0_io_data_3_write clocked by io_systemClk
system_spi_0_io_ss clocked by io_systemClk
io_jtag_tms sampled by io_jtag_tck
io_jtag_tdi sampled by io_jtag_tck
io_jtag_tdo clocked by io_jtag_tck
io_jtag_tck sampled by 
